C51 COMPILER V9.54   IRLCD                                                                 01/03/2018 01:59:30 PAGE 1   


C51 COMPILER V9.54, COMPILATION OF MODULE IRLCD
OBJECT MODULE PLACED IN irlcd.OBJ
COMPILER INVOKED BY: D:\Program Files\Keil_v5\C51\BIN\C51.EXE irlcd.c OPTIMIZE(8,SPEED) BROWSE DEBUG OBJECTEXTEND TABS(2
                    -)

line level    source

   1          /********************************************************************************
   2          *  描述:                                                                       *
   3          *         lcd1602显示 遥控键值读取器                                           *
   4          *         lcd1602显示 遥控器接p3.2                                             *
   5          *         喇叭接p1.5  继电器接p1.4                                             *
   6          *   连接方法：使用红外功能时 J1跳线短接                                                                   
             -        *
   7          *******************************************************************************/
   8          
   9          #include <reg51.h>
  10          #include "irlcd.h"
  11          #include <intrins.h>
  12          #include "lcd12864.h"
  13          #include "ds1302.h"
  14          
  15          
  16          #define  NOP()   _nop_()   /* 定义空指令 */
  17          
  18          #define uchar unsigned char
  19          #define uint  unsigned int
  20          #define delayNOP(); {_nop_();_nop_();_nop_();_nop_();};
  21          
  22          uchar IRCOM[7];
  23          int m=1;
  24          unsigned char Y0;
  25          uchar flag=1;
  26          
  27          /**********************************************************/
  28          void delay(uchar x)    //x*0.14MS
  29          {
  30   1       unsigned char i;
  31   1        while(x--)
  32   1       {
  33   2        for (i = 0; i<13; i++) {}
  34   2       }
  35   1      }
  36          
  37          /**********************************************************/
  38          void delay1(int ms)
  39          {
  40   1       unsigned char y;
  41   1        while(ms--)
  42   1       {
  43   2        for(y = 0; y<250; y++)
  44   2        {
  45   3         _nop_();
  46   3         _nop_();
  47   3         _nop_();
  48   3         _nop_();
  49   3        }
  50   2       }
  51   1      }
  52          
  53          /*******************************************************************************
C51 COMPILER V9.54   IRLCD                                                                 01/03/2018 01:59:30 PAGE 2   

  54          * 函数名         : IrInit()
  55          * 函数功能       : 初始化红外线接收
  56          * 输入           : 无
  57          * 输出           : 无
  58          *******************************************************************************/
  59          
  60          void IrInit()
  61          {
  62   1        TMOD|=0x10;      //设T0为方式1，GATE=1；
  63   1        IT0=1;//下降沿触发
  64   1        EX0=1;//打开中断0允许
  65   1        EA =1;  //打开总中断
  66   1      
  67   1        IRIN =1;//初始化端口
  68   1        RELAY=1;
  69   1        BEEP =1;
  70   1        
  71   1        IE = 0x81;                 //允许总中断中断,使能 INT0 外部中断
  72   1        TCON = 0x01;               //触发方式为脉冲负边沿触发
  73   1      }
  74          
  75          /*******************************************************************/
  76          void irlcd()
  77          {
  78   1          delay1(10);                 //延时
  79   1          Delay10ms(10);
  80   1          LCD12864_ShowString(2,0,"状态：");
  81   1        
  82   1      /*------------------------------------------------
  83   1                    抽水显示
  84   1      ------------------------------------------------*/
  85   1          switch(flag)
  86   1          {
  87   2            case 0:LCD12864_ShowString(2,3,"Pumping");break;
  88   2            case 1:LCD12864_ShowString(2,3,"Enough~");break;
  89   2            default:break;
  90   2          } 
  91   1          
  92   1          Delay10ms(10);
  93   1      } 
  94          /**********************************************************/
  95          void IR_IN(void) interrupt 0   //外部中断服务程序
  96          {
  97   1        unsigned char j,k,N=0;
  98   1           EX0 = 0;   
  99   1         delay(15);
 100   1         if (IRIN==1) 
 101   1           { EX0 =1;
 102   2           return;
 103   2          } 
 104   1                                 //确认IR信号出现
 105   1        while (!IRIN)            //等IR变为高电平，跳过9ms的前导低电平信号。
 106   1          {delay(1);}
 107   1      
 108   1       for (j=0;j<4;j++)         //收集四组数据
 109   1       { 
 110   2        for (k=0;k<8;k++)        //每组数据有8位
 111   2        {
 112   3         while (IRIN)            //等 IR 变为低电平，跳过4.5ms的前导高电平信号。
 113   3           {delay(1);}
 114   3          while (!IRIN)          //等 IR 变为高电平
 115   3           {delay(1);}
C51 COMPILER V9.54   IRLCD                                                                 01/03/2018 01:59:30 PAGE 3   

 116   3           while (IRIN)           //计算IR高电平时长
 117   3            {
 118   4          delay(1);
 119   4          N++;           
 120   4          if (N>=30)
 121   4         { EX0=1;
 122   5         return;}                  //0.14ms计数过长自动离开。
 123   4            }                        //高电平计数完毕                
 124   3           IRCOM[j]=IRCOM[j] >> 1;                  //数据最高位补“0”
 125   3           if (N>=8) {IRCOM[j] = IRCOM[j] | 0x80;}  //数据最高位补“1”
 126   3           N=0;
 127   3        }//end for k
 128   2       }//end for j
 129   1         
 130   1         if (IRCOM[2]!=~IRCOM[3])
 131   1         { EX0=1;
 132   2           return; }
 133   1      
 134   1         IRCOM[5]=IRCOM[2] & 0x0F;     //取键码的低四位
 135   1         IRCOM[6]=IRCOM[2] >> 4;       //右移4次，高四位变为低四位
 136   1      
 137   1         if(IRCOM[5]>9)
 138   1          { IRCOM[5]=IRCOM[5]+0x37;}
 139   1         else
 140   1          IRCOM[5]=IRCOM[5]+0x30;
 141   1      
 142   1         if(IRCOM[6]>9)
 143   1          { IRCOM[6]=IRCOM[6]+0x37;}
 144   1         else
 145   1          IRCOM[6]=IRCOM[6]+0x30;
 146   1      
 147   1      //     LCD12864_SetWindow(2,0);             
 148   1      //     LCD12864_WriteData(IRCOM[6]);        //第一位数显示             
 149   1      //     LCD12864_WriteData(IRCOM[5]);        //第二位数显示
 150   1      
 151   1      /*------------------------------------------------
 152   1              将键值转化为ASCII值   
 153   1      ------------------------------------------------*/
 154   1          
 155   1         Y0=0;
 156   1         switch(IRCOM[2])
 157   1         {
 158   2           case 0x16: Y0=0x00; break;
 159   2           case 0x0C: Y0=0x01; break;
 160   2           case 0x18: Y0=0x02; break;
 161   2           case 0x5E: Y0=0x03; break;
 162   2           case 0x08: Y0=0x04; break;
 163   2           case 0x1C: Y0=0x05; break;
 164   2           case 0x5A: Y0=0x06; break;
 165   2           case 0x42: Y0=0x07; break;
 166   2           case 0x52: Y0=0x08; break;
 167   2           case 0x4A: Y0=0x09; break;
 168   2      //     case 0x40:  left=1; break;
 169   2      //     case 0x43: right=1; break;
 170   2      //     case 0x15: voll =1; break;
 171   2      //     case 0x09: volr =1; break;
 172   2         }   
 173   1         
 174   1      /*------------------------------------------------
 175   1                控制继电器开关
 176   1      ------------------------------------------------*/
 177   1          if((IRCOM[2]==0x45)&&(m==1))
C51 COMPILER V9.54   IRLCD                                                                 01/03/2018 01:59:30 PAGE 4   

 178   1          {
 179   2            m=0;
 180   2            IRCOM[2]=0x00;
 181   2            RELAY = 0;
 182   2            flag=0;
 183   2            Delay10ms(1);
 184   2          if((IRCOM[2]==0x45)&&(m==0))
 185   2          {
 186   3            m=1;
 187   3            IRCOM[2]=0x00;
 188   3            RELAY=1;
 189   3            flag=1;
 190   3          } 
 191   2      
 192   2          beep();
 193   2          EX0 = 1; 
 194   2          } 
 195   1      }
 196          
 197          /**********************************************************/
 198          void beep(void)
 199          {
 200   1        unsigned char i;
 201   1        for (i=0;i<100;i++)
 202   1         {
 203   2         delay(4);
 204   2         BEEP=!BEEP;                 //BEEP取反
 205   2         } 
 206   1        BEEP=1;                      //关闭蜂鸣器
 207   1      }
 208          
 209          /*******************************************************************************
 210          * 函 数 名         : Timer0Init
 211          * 函数功能         : 定时器0初始化
 212          * 输    入         : 无
 213          * 输    出         : 无
 214          *******************************************************************************/
 215          void Timer1Init()
 216          {
 217   1        TMOD|=0X10;//选择为定时器0模式，工作方式1，仅用TR0打开启动。
 218   1        TH1=0XFC; //给定时器赋初值，定时1ms
 219   1        TL1=0X18;   
 220   1        ET0=1;                                   
 221   1        TR1=1;//打开定时器  
 222   1        EA=1; 
 223   1      }
 224          
 225          /*******************************************************************************
 226          * 函 数 名         : void Timer0() interrupt 3
 227          * 函数功能         : 定时器0中断函数
 228          * 输    入         : 无
 229          * 输    出         : 无
 230          *******************************************************************************/
 231          void Timer1() interrupt 3
 232          {
 233   1        TH1=0XFC; //给定时器赋初值，定时1ms
 234   1        TL1=0X18;
 235   1        if((IRCOM[2]==0x45)&&(m==1))
 236   1        {
 237   2          m=0;
 238   2          RELAY = 0;
 239   2        }
C51 COMPILER V9.54   IRLCD                                                                 01/03/2018 01:59:30 PAGE 5   

 240   1        if((IRCOM[2]==0x45)&&(m==0))
 241   1        {
 242   2          m=1;
 243   2          RELAY=1;
 244   2        }
 245   1      }


MODULE INFORMATION:   STATIC OVERLAYABLE
   CODE SIZE        =    596    ----
   CONSTANT SIZE    =     23    ----
   XDATA SIZE       =   ----    ----
   PDATA SIZE       =   ----    ----
   DATA SIZE        =     11       2
   IDATA SIZE       =   ----    ----
   BIT SIZE         =   ----    ----
END OF MODULE INFORMATION.


C51 COMPILATION COMPLETE.  0 WARNING(S),  0 ERROR(S)
